GDRE Tools v2.6.3
Windows 10.0.19045, AMD Radeon(TM) RX Vega 11 Graphics, vulkan
Opening file: D:\a\greg\gregupdatedemo.x86_64
Loaded 303 imported files
Detected Engine Version: 4.7.0
Detected Bytecode Revision: 4.5.0-stable (ebc36a7)
Verified 614 files, no errors detected!
setting "Delete auto-converted files" set to false
setting "Delete auto-converted files" set to true
setting "Force single-threaded mode" set to false
Extracted 614 files, no errors detected!
Recreating plugin configs...
Saved project config.


********************************EXPORT REPORT********************************

Totals:                                 
Decompiled scripts:                     78
Scripts not decompiled:                 0
Imported resources for export session:  303
Successfully converted:                 303
Lossy:                                  6
Rewrote metadata:                       142
Non-importable conversions:             0
Not converted:                          0
Failed conversions:                     0
-------------



------------------------------------------------------------------------------------

Use Godot editor version 4.7.0 to edit the project.

*******************************************************************************

